// Jest Snapshot v1, https://goo.gl/fbAQLP

exports[`login renders correctly 1`] = `
<View
  style={
    Object {
      "alignItems": "center",
      "backgroundColor": "#F5FCFF",
      "flex": 1,
      "justifyContent": "center",
    }
  }
>
  <Text
    accessible={true}
    allowFontScaling={true}
    ellipsizeMode="tail"
    style={
      Object {
        "fontSize": 20,
        "fontWeight": "bold",
      }
    }
  >
    Sign In
  </Text>
  <View>
    <Text
      accessible={true}
      allowFontScaling={true}
      ellipsizeMode="tail"
      style={
        Object {
          "fontSize": 16,
          "marginBottom": 5,
          "marginTop": 15,
        }
      }
    >
      Email
    </Text>
    <TextInput
      autoCapitalize="none"
      name="email"
      onBlur={[Function]}
      onChangeText={[Function]}
      onDragStart={[Function]}
      onDrop={[Function]}
      onFocus={[Function]}
      style={
        Object {
          "backgroundColor": "#fff",
          "borderWidth": 1,
          "fontSize": 16,
          "height": 40,
          "padding": 10,
          "width": 200,
        }
      }
      value=""
    />
  </View>
  <View>
    <Text
      accessible={true}
      allowFontScaling={true}
      ellipsizeMode="tail"
      style={
        Object {
          "fontSize": 16,
          "marginBottom": 5,
          "marginTop": 15,
        }
      }
    >
      Password
    </Text>
    <TextInput
      name="password"
      onBlur={[Function]}
      onChangeText={[Function]}
      onDragStart={[Function]}
      onDrop={[Function]}
      onFocus={[Function]}
      secureTextEntry={true}
      style={
        Object {
          "backgroundColor": "#fff",
          "borderWidth": 1,
          "fontSize": 16,
          "height": 40,
          "padding": 10,
          "width": 200,
        }
      }
      value=""
    />
  </View>
  <View
    accessibilityComponentType={undefined}
    accessibilityLabel={undefined}
    accessibilityTraits={undefined}
    accessible={true}
    hasTVPreferredFocus={undefined}
    hitSlop={undefined}
    isTVSelectable={true}
    onLayout={undefined}
    onResponderGrant={[Function]}
    onResponderMove={[Function]}
    onResponderRelease={[Function]}
    onResponderTerminate={[Function]}
    onResponderTerminationRequest={[Function]}
    onStartShouldSetResponder={[Function]}
    style={
      Array [
        Object {
          "backgroundColor": "transparent",
        },
        undefined,
      ]
    }
    testID={undefined}
    tvParallaxProperties={undefined}
  >
    <View>
      <Text
        accessible={true}
        allowFontScaling={true}
        ellipsizeMode="tail"
        style={
          Object {
            "fontSize": 20,
            "marginTop": 20,
          }
        }
      >
        Submit
      </Text>
    </View>
  </View>
</View>
`;
